.....................................................                    [100%]
53 passed in 26.42s
